2026-08-04 22:25:21.177 [background-preinit] INFO  traceId= o.h.validator.internal.util.Version - HV000001: Hibernate Validator 8.0.2.Final
2026-08-04 22:25:21.279 [main] INFO  traceId= xyz.nanian.owl.StartApplication - Starting StartApplication using Java 17.0.11 with PID 1460 (D:\IT\IDEA\Dev\OWL\start\target\classes started by findq in D:\IT\IDEA\Dev\OWL)
2026-08-04 22:25:21.280 [main] INFO  traceId= xyz.nanian.owl.StartApplication - The following 1 profile is active: "dev"
2026-08-04 22:25:21.347 [main] INFO  traceId= c.a.c.n.c.NacosConfigDataLoader - [Nacos Config] Load config[dataId=sensitive.yaml, group=DEFAULT_GROUP] success
2026-08-04 22:25:21.347 [main] INFO  traceId= c.a.c.n.c.NacosConfigDataLoader - [Nacos Config] Load config[dataId=ai.yaml, group=DEFAULT_GROUP] success
2026-08-04 22:25:21.348 [main] INFO  traceId= c.a.c.n.c.NacosConfigDataLoader - [Nacos Config] Load config[dataId=email.yaml, group=DEFAULT_GROUP] success
2026-08-04 22:25:21.348 [main] INFO  traceId= c.a.c.n.c.NacosConfigDataLoader - [Nacos Config] Load config[dataId=message.yaml, group=DEFAULT_GROUP] success
2026-08-04 22:25:21.348 [main] INFO  traceId= c.a.c.n.c.NacosConfigDataLoader - [Nacos Config] Load config[dataId=cache.yaml, group=DEFAULT_GROUP] success
2026-08-04 22:25:21.348 [main] INFO  traceId= c.a.c.n.c.NacosConfigDataLoader - [Nacos Config] Load config[dataId=database.yaml, group=DEFAULT_GROUP] success
2026-08-04 22:25:21.348 [main] INFO  traceId= c.a.c.n.c.NacosConfigDataLoader - [Nacos Config] Load config[dataId=common.yaml, group=DEFAULT_GROUP] success
2026-08-04 22:25:23.229 [main] INFO  traceId= o.s.d.r.c.RepositoryConfigurationDelegate - Multiple Spring Data modules found, entering strict repository configuration mode
2026-08-04 22:25:23.233 [main] INFO  traceId= o.s.d.r.c.RepositoryConfigurationDelegate - Bootstrapping Spring Data Redis repositories in DEFAULT mode.
2026-08-04 22:25:23.317 [main] INFO  traceId= o.s.d.r.c.RepositoryConfigurationDelegate - Finished Spring Data repository scanning in 64 ms. Found 0 Redis repository interfaces.
2026-08-04 22:25:23.660 [main] INFO  traceId= o.s.cloud.context.scope.GenericScope - BeanFactory id=fcc61f7e-41a6-3dee-9541-cd899e8c6ddb
2026-08-04 22:25:24.490 [main] INFO  traceId= o.s.b.w.e.tomcat.TomcatWebServer - Tomcat initialized with port 8080 (http)
2026-08-04 22:25:24.510 [main] INFO  traceId= o.a.coyote.http11.Http11NioProtocol - Initializing ProtocolHandler ["http-nio-8080"]
2026-08-04 22:25:24.512 [main] INFO  traceId= o.a.catalina.core.StandardService - Starting service [Tomcat]
2026-08-04 22:25:24.513 [main] INFO  traceId= o.a.catalina.core.StandardEngine - Starting Servlet engine: [Apache Tomcat/10.1.42]
2026-08-04 22:25:24.610 [main] INFO  traceId= o.a.c.c.C.[Tomcat].[localhost].[/] - Initializing Spring embedded WebApplicationContext
2026-08-04 22:25:24.610 [main] INFO  traceId= o.s.b.w.s.c.ServletWebServerApplicationContext - Root WebApplicationContext: initialization completed in 3258 ms
2026-08-04 22:25:24.759 [main] INFO  traceId= c.a.d.s.b.a.DruidDataSourceAutoConfigure - Init DruidDataSource
2026-08-04 22:25:24.856 [main] INFO  traceId= c.alibaba.druid.pool.DruidDataSource - {dataSource-1,DruidDataSource} inited
2026-08-04 22:25:27.395 [main] WARN  traceId= o.s.b.a.s.s.UserDetailsServiceAutoConfiguration - 

Using generated security password: 40341636-8d85-4c63-aa92-3640219641e5

This generated password is for development use only. Your security configuration must be updated before running your application in production.

2026-08-04 22:25:27.403 [main] INFO  traceId= o.s.s.c.a.a.c.InitializeUserDetailsBeanManagerConfigurer$InitializeUserDetailsManagerConfigurer - Global AuthenticationManager configured with UserDetailsService bean with name inMemoryUserDetailsManager
2026-08-04 22:25:28.989 [main] INFO  traceId= o.a.coyote.http11.Http11NioProtocol - Starting ProtocolHandler ["http-nio-8080"]
2026-08-04 22:25:29.001 [main] INFO  traceId= o.s.b.w.e.tomcat.TomcatWebServer - Tomcat started on port 8080 (http) with context path '/'
2026-08-04 22:25:29.147 [main] INFO  traceId= c.a.n.p.a.s.c.ClientAuthPluginManager - [ClientAuthPluginManager] Load ClientAuthService com.alibaba.nacos.client.auth.impl.NacosClientAuthServiceImpl success.
2026-08-04 22:25:29.147 [main] INFO  traceId= c.a.n.p.a.s.c.ClientAuthPluginManager - [ClientAuthPluginManager] Load ClientAuthService com.alibaba.nacos.client.auth.ram.RamClientAuthServiceImpl success.
2026-08-04 22:25:29.250 [main] INFO  traceId= c.a.c.n.r.NacosServiceRegistry - nacos registry, DEFAULT_GROUP OWL 192.168.1.6:8080 register finished
2026-08-04 22:25:29.372 [main] INFO  traceId= o.s.a.r.c.CachingConnectionFactory - Attempting to connect to: [192.168.131.128:5672]
2026-08-04 22:25:29.443 [main] INFO  traceId= o.s.a.r.c.CachingConnectionFactory - Created new connection: rabbitConnectionFactory#68b4e7b5:0/SimpleConnection@223ed38f [delegate=amqp://admin@192.168.131.128:5672/, localPort=2551]
2026-08-04 22:25:29.531 [main] INFO  traceId= xyz.nanian.owl.StartApplication - Started StartApplication in 11.446 seconds (process running for 13.406)
2026-08-04 22:25:29.565 [main] INFO  traceId= c.a.c.n.r.NacosContextRefresher - [Nacos Config] Listening config: dataId=message.yaml, group=DEFAULT_GROUP
2026-08-04 22:25:29.575 [main] INFO  traceId= c.a.c.n.r.NacosContextRefresher - [Nacos Config] Listening config: dataId=cache.yaml, group=DEFAULT_GROUP
2026-08-04 22:25:29.592 [main] INFO  traceId= c.a.c.n.r.NacosContextRefresher - [Nacos Config] Listening config: dataId=sensitive.yaml, group=DEFAULT_GROUP
2026-08-04 22:25:29.610 [main] INFO  traceId= c.a.c.n.r.NacosContextRefresher - [Nacos Config] Listening config: dataId=ai.yaml, group=DEFAULT_GROUP
2026-08-04 22:25:29.621 [main] INFO  traceId= c.a.c.n.r.NacosContextRefresher - [Nacos Config] Listening config: dataId=email.yaml, group=DEFAULT_GROUP
2026-08-04 22:25:29.639 [main] INFO  traceId= c.a.c.n.r.NacosContextRefresher - [Nacos Config] Listening config: dataId=common.yaml, group=DEFAULT_GROUP
2026-08-04 22:25:29.661 [main] INFO  traceId= c.a.c.n.r.NacosContextRefresher - [Nacos Config] Listening config: dataId=database.yaml, group=DEFAULT_GROUP
2026-08-04 22:25:41.369 [Thread-1] WARN  traceId= c.a.n.c.executor.ThreadPoolManager - [ThreadPoolManager] Start destroying ThreadPool
2026-08-04 22:25:41.369 [Thread-7] WARN  traceId= c.a.n.c.http.HttpClientBeanHolder - [HttpClientBeanHolder] Start destroying common HttpClient
2026-08-04 22:25:41.369 [Thread-9] WARN  traceId= c.a.nacos.common.notify.NotifyCenter - [NotifyCenter] Start destroying Publisher
2026-08-04 22:25:41.369 [Thread-9] WARN  traceId= c.a.nacos.common.notify.NotifyCenter - [NotifyCenter] Destruction of the end
2026-08-04 22:25:41.369 [Thread-1] WARN  traceId= c.a.n.c.executor.ThreadPoolManager - [ThreadPoolManager] Destruction of the end
2026-08-04 22:25:41.370 [Thread-7] WARN  traceId= c.a.n.c.http.HttpClientBeanHolder - [HttpClientBeanHolder] Destruction of the end
2026-08-04 22:25:41.370 [SpringApplicationShutdownHook] INFO  traceId= c.a.c.n.r.NacosServiceRegistry - De-registering from Nacos Server now...
2026-08-04 22:25:41.375 [SpringApplicationShutdownHook] INFO  traceId= c.a.c.n.r.NacosServiceRegistry - De-registration finished.
2026-08-04 22:25:51.385 [SpringApplicationShutdownHook] INFO  traceId= c.a.c.n.r.NacosGracefulShutdownDelegate - Nacos client graceful shutdown has been executed successfully. Graceful shutdown wait time is 10000
2026-08-04 22:25:51.397 [org.springframework.amqp.rabbit.RabbitListenerEndpointContainer#0-2] INFO  traceId= o.s.a.r.l.SimpleMessageListenerContainer - Waiting for workers to finish.
2026-08-04 22:25:51.644 [org.springframework.amqp.rabbit.RabbitListenerEndpointContainer#0-2] INFO  traceId= o.s.a.r.l.SimpleMessageListenerContainer - Successfully waited for workers to finish.
2026-08-04 22:25:51.696 [SpringApplicationShutdownHook] INFO  traceId= c.alibaba.druid.pool.DruidDataSource - {dataSource-1} closing ...
2026-08-04 22:25:51.700 [SpringApplicationShutdownHook] INFO  traceId= c.alibaba.druid.pool.DruidDataSource - {dataSource-1} closed
2026-08-04 22:48:29.868 [background-preinit] INFO  traceId= o.h.validator.internal.util.Version - HV000001: Hibernate Validator 8.0.2.Final
2026-08-04 22:48:29.935 [main] INFO  traceId= xyz.nanian.owl.StartApplication - Starting StartApplication using Java 17.0.11 with PID 19744 (D:\IT\IDEA\Dev\OWL\start\target\classes started by findq in D:\IT\IDEA\Dev\OWL)
2026-08-04 22:48:29.936 [main] INFO  traceId= xyz.nanian.owl.StartApplication - The following 1 profile is active: "dev"
2026-08-04 22:48:29.982 [main] INFO  traceId= c.a.c.n.c.NacosConfigDataLoader - [Nacos Config] Load config[dataId=sensitive.yaml, group=DEFAULT_GROUP] success
2026-08-04 22:48:29.982 [main] INFO  traceId= c.a.c.n.c.NacosConfigDataLoader - [Nacos Config] Load config[dataId=ai.yaml, group=DEFAULT_GROUP] success
2026-08-04 22:48:29.984 [main] INFO  traceId= c.a.c.n.c.NacosConfigDataLoader - [Nacos Config] Load config[dataId=email.yaml, group=DEFAULT_GROUP] success
2026-08-04 22:48:29.984 [main] INFO  traceId= c.a.c.n.c.NacosConfigDataLoader - [Nacos Config] Load config[dataId=message.yaml, group=DEFAULT_GROUP] success
2026-08-04 22:48:29.984 [main] INFO  traceId= c.a.c.n.c.NacosConfigDataLoader - [Nacos Config] Load config[dataId=cache.yaml, group=DEFAULT_GROUP] success
2026-08-04 22:48:29.984 [main] INFO  traceId= c.a.c.n.c.NacosConfigDataLoader - [Nacos Config] Load config[dataId=database.yaml, group=DEFAULT_GROUP] success
2026-08-04 22:48:29.984 [main] INFO  traceId= c.a.c.n.c.NacosConfigDataLoader - [Nacos Config] Load config[dataId=common.yaml, group=DEFAULT_GROUP] success
2026-08-04 22:48:31.355 [main] INFO  traceId= o.s.d.r.c.RepositoryConfigurationDelegate - Multiple Spring Data modules found, entering strict repository configuration mode
2026-08-04 22:48:31.358 [main] INFO  traceId= o.s.d.r.c.RepositoryConfigurationDelegate - Bootstrapping Spring Data Redis repositories in DEFAULT mode.
2026-08-04 22:48:31.427 [main] INFO  traceId= o.s.d.r.c.RepositoryConfigurationDelegate - Finished Spring Data repository scanning in 54 ms. Found 0 Redis repository interfaces.
2026-08-04 22:48:31.732 [main] INFO  traceId= o.s.cloud.context.scope.GenericScope - BeanFactory id=fcc61f7e-41a6-3dee-9541-cd899e8c6ddb
2026-08-04 22:48:32.411 [main] INFO  traceId= o.s.b.w.e.tomcat.TomcatWebServer - Tomcat initialized with port 8080 (http)
2026-08-04 22:48:32.427 [main] INFO  traceId= o.a.coyote.http11.Http11NioProtocol - Initializing ProtocolHandler ["http-nio-8080"]
2026-08-04 22:48:32.430 [main] INFO  traceId= o.a.catalina.core.StandardService - Starting service [Tomcat]
2026-08-04 22:48:32.430 [main] INFO  traceId= o.a.catalina.core.StandardEngine - Starting Servlet engine: [Apache Tomcat/10.1.42]
2026-08-04 22:48:32.514 [main] INFO  traceId= o.a.c.c.C.[Tomcat].[localhost].[/] - Initializing Spring embedded WebApplicationContext
2026-08-04 22:48:32.514 [main] INFO  traceId= o.s.b.w.s.c.ServletWebServerApplicationContext - Root WebApplicationContext: initialization completed in 2527 ms
2026-08-04 22:48:32.647 [main] INFO  traceId= c.a.d.s.b.a.DruidDataSourceAutoConfigure - Init DruidDataSource
2026-08-04 22:48:32.745 [main] INFO  traceId= c.alibaba.druid.pool.DruidDataSource - {dataSource-1,DruidDataSource} inited
2026-08-04 22:48:34.924 [main] WARN  traceId= o.s.b.a.s.s.UserDetailsServiceAutoConfiguration - 

Using generated security password: 112ea2d8-5fd4-4e44-b05a-ce93a89cfadc

This generated password is for development use only. Your security configuration must be updated before running your application in production.

2026-08-04 22:48:34.932 [main] INFO  traceId= o.s.s.c.a.a.c.InitializeUserDetailsBeanManagerConfigurer$InitializeUserDetailsManagerConfigurer - Global AuthenticationManager configured with UserDetailsService bean with name inMemoryUserDetailsManager
2026-08-04 22:48:36.377 [main] INFO  traceId= o.a.coyote.http11.Http11NioProtocol - Starting ProtocolHandler ["http-nio-8080"]
2026-08-04 22:48:36.393 [main] INFO  traceId= o.s.b.w.e.tomcat.TomcatWebServer - Tomcat started on port 8080 (http) with context path '/'
2026-08-04 22:48:36.545 [main] INFO  traceId= c.a.n.p.a.s.c.ClientAuthPluginManager - [ClientAuthPluginManager] Load ClientAuthService com.alibaba.nacos.client.auth.impl.NacosClientAuthServiceImpl success.
2026-08-04 22:48:36.545 [main] INFO  traceId= c.a.n.p.a.s.c.ClientAuthPluginManager - [ClientAuthPluginManager] Load ClientAuthService com.alibaba.nacos.client.auth.ram.RamClientAuthServiceImpl success.
2026-08-04 22:48:36.645 [main] INFO  traceId= c.a.c.n.r.NacosServiceRegistry - nacos registry, DEFAULT_GROUP OWL 192.168.1.6:8080 register finished
2026-08-04 22:48:36.779 [main] INFO  traceId= o.s.a.r.c.CachingConnectionFactory - Attempting to connect to: [192.168.131.128:5672]
2026-08-04 22:48:36.828 [main] INFO  traceId= o.s.a.r.c.CachingConnectionFactory - Created new connection: rabbitConnectionFactory#6a0d47e8:0/SimpleConnection@2fc72df3 [delegate=amqp://admin@192.168.131.128:5672/, localPort=58939]
2026-08-04 22:48:36.892 [main] INFO  traceId= xyz.nanian.owl.StartApplication - Started StartApplication in 9.328 seconds (process running for 10.382)
2026-08-04 22:48:36.922 [main] INFO  traceId= c.a.c.n.r.NacosContextRefresher - [Nacos Config] Listening config: dataId=message.yaml, group=DEFAULT_GROUP
2026-08-04 22:48:36.941 [main] INFO  traceId= c.a.c.n.r.NacosContextRefresher - [Nacos Config] Listening config: dataId=cache.yaml, group=DEFAULT_GROUP
2026-08-04 22:48:36.959 [main] INFO  traceId= c.a.c.n.r.NacosContextRefresher - [Nacos Config] Listening config: dataId=sensitive.yaml, group=DEFAULT_GROUP
2026-08-04 22:48:36.962 [main] INFO  traceId= c.a.c.n.r.NacosContextRefresher - [Nacos Config] Listening config: dataId=ai.yaml, group=DEFAULT_GROUP
2026-08-04 22:48:36.963 [main] INFO  traceId= c.a.c.n.r.NacosContextRefresher - [Nacos Config] Listening config: dataId=email.yaml, group=DEFAULT_GROUP
2026-08-04 22:48:36.981 [main] INFO  traceId= c.a.c.n.r.NacosContextRefresher - [Nacos Config] Listening config: dataId=common.yaml, group=DEFAULT_GROUP
2026-08-04 22:48:36.984 [main] INFO  traceId= c.a.c.n.r.NacosContextRefresher - [Nacos Config] Listening config: dataId=database.yaml, group=DEFAULT_GROUP
2026-08-04 22:48:39.979 [Thread-7] WARN  traceId= c.a.n.c.http.HttpClientBeanHolder - [HttpClientBeanHolder] Start destroying common HttpClient
2026-08-04 22:48:39.979 [Thread-1] WARN  traceId= c.a.n.c.executor.ThreadPoolManager - [ThreadPoolManager] Start destroying ThreadPool
2026-08-04 22:48:39.979 [Thread-9] WARN  traceId= c.a.nacos.common.notify.NotifyCenter - [NotifyCenter] Start destroying Publisher
2026-08-04 22:48:39.980 [Thread-9] WARN  traceId= c.a.nacos.common.notify.NotifyCenter - [NotifyCenter] Destruction of the end
2026-08-04 22:48:39.980 [Thread-1] WARN  traceId= c.a.n.c.executor.ThreadPoolManager - [ThreadPoolManager] Destruction of the end
2026-08-04 22:48:39.980 [Thread-7] WARN  traceId= c.a.n.c.http.HttpClientBeanHolder - [HttpClientBeanHolder] Destruction of the end
2026-08-04 22:48:39.980 [SpringApplicationShutdownHook] INFO  traceId= c.a.c.n.r.NacosServiceRegistry - De-registering from Nacos Server now...
2026-08-04 22:48:39.987 [SpringApplicationShutdownHook] INFO  traceId= c.a.c.n.r.NacosServiceRegistry - De-registration finished.
2026-08-04 22:48:50.003 [SpringApplicationShutdownHook] INFO  traceId= c.a.c.n.r.NacosGracefulShutdownDelegate - Nacos client graceful shutdown has been executed successfully. Graceful shutdown wait time is 10000
2026-08-04 22:48:50.009 [org.springframework.amqp.rabbit.RabbitListenerEndpointContainer#0-2] INFO  traceId= o.s.a.r.l.SimpleMessageListenerContainer - Waiting for workers to finish.
2026-08-04 22:48:50.957 [org.springframework.amqp.rabbit.RabbitListenerEndpointContainer#0-2] INFO  traceId= o.s.a.r.l.SimpleMessageListenerContainer - Successfully waited for workers to finish.
2026-08-04 22:48:51.004 [SpringApplicationShutdownHook] INFO  traceId= c.alibaba.druid.pool.DruidDataSource - {dataSource-1} closing ...
2026-08-04 22:48:51.008 [SpringApplicationShutdownHook] INFO  traceId= c.alibaba.druid.pool.DruidDataSource - {dataSource-1} closed
